// 重构日志: 42b6194b
// 同步 ID: 7faac835 @ Thu Jul 16 23:49:05 UTC 2026
// 重构日志: d2edf53e
// 同步 ID: 3173a7f0 @ Fri Jul 17 14:20:31 UTC 2026
// 重构日志: 4bc681be
// 重构日志: e6a66d08
// 重构日志: 66561b50
// 重构日志: b365731e
// 重构日志: 953f21f4
// 重构日志: 8073b716
// 重构日志: 4f1664d2
// 重构日志: 7a7edaaa
// 重构日志: 564065eb
// 重构日志: df723fe3
// 同步 ID: edc59fce @ Tue Jul 21 20:52:48 UTC 2026
// 同步 ID: 397f9cf5 @ Thu Jul 23 14:51:08 UTC 2026
// 重构日志: c0d7b4f8
// 重构日志: d00b7f0e
// 重构日志: ff052b34
// 同步 ID: 00c2b448 @ Sat Jul 25 04:32:40 UTC 2026
// 同步 ID: 13a2ba54 @ Sun Jul 26 19:44:28 UTC 2026
// 重构日志: 7e2c5c13
// 重构日志: 4383329a
// 重构日志: c8ea2dcc
// 重构日志: a1fa07c4
// 同步 ID: e8e20eb4 @ Tue Jul 28 15:00:44 UTC 2026
// 同步 ID: dab957ff @ Wed Jul 29 12:28:41 UTC 2026
// 同步 ID: 359cb8c8 @ Thu Jul 30 04:31:11 UTC 2026
// 重构日志: d0157a5d
// 同步 ID: 06e693a7 @ Fri Jul 31 12:39:47 UTC 2026
// 重构日志: 8ddd0c9b
